###############################################################################
#
# IAR ELF Linker V9.30.1.335/W64 for ARM                  28/Dec/2022  00:21:02
# Copyright 2007-2022 IAR Systems AB.
#
#    Output file  =
#        D:\AHMED\ASU\4. SENIOR 1\SEMESTER 7\CSE211 Intro to
#        Embedded\Project\Embedded Project FINAL\Embedded
#        Project\Debug\Exe\Project.out
#    Map file     =
#        D:\AHMED\ASU\4. SENIOR 1\SEMESTER 7\CSE211 Intro to
#        Embedded\Project\Embedded Project FINAL\Embedded
#        Project\Debug\List\Project.map
#    Command line =
#        -f "D:\AHMED\ASU\4. SENIOR 1\SEMESTER 7\CSE211 Intro to
#        Embedded\Project\Embedded Project FINAL\Embedded
#        Project\Debug\Exe\Project.out.rsp" ("D:\AHMED\ASU\4. SENIOR 1\SEMESTER
#        7\CSE211 Intro to Embedded\Project\Embedded Project FINAL\Embedded
#        Project\Debug\Obj\DIO.o" "D:\AHMED\ASU\4. SENIOR 1\SEMESTER 7\CSE211
#        Intro to Embedded\Project\Embedded Project FINAL\Embedded
#        Project\Debug\Obj\keypad.o" "D:\AHMED\ASU\4. SENIOR 1\SEMESTER
#        7\CSE211 Intro to Embedded\Project\Embedded Project FINAL\Embedded
#        Project\Debug\Obj\LCD.o" "D:\AHMED\ASU\4. SENIOR 1\SEMESTER 7\CSE211
#        Intro to Embedded\Project\Embedded Project FINAL\Embedded
#        Project\Debug\Obj\main.o" "D:\AHMED\ASU\4. SENIOR 1\SEMESTER 7\CSE211
#        Intro to Embedded\Project\Embedded Project FINAL\Embedded
#        Project\Debug\Obj\systick.o" "D:\AHMED\ASU\4. SENIOR 1\SEMESTER
#        7\CSE211 Intro to Embedded\Project\Embedded Project FINAL\Embedded
#        Project\Debug\Obj\Timer.o" --no_out_extension -o "D:\AHMED\ASU\4.
#        SENIOR 1\SEMESTER 7\CSE211 Intro to Embedded\Project\Embedded Project
#        FINAL\Embedded Project\Debug\Exe\Project.out" --map "D:\AHMED\ASU\4.
#        SENIOR 1\SEMESTER 7\CSE211 Intro to Embedded\Project\Embedded Project
#        FINAL\Embedded Project\Debug\List\Project.map" --config
#        "D:\PROGRAMS\IAR Systems\Embedded Workbench
#        9.1\arm/config/linker/TexasInstruments/TM4C123GH6.icf" --semihosting
#        C:\ti\TivaWare_C_Series-2.2.0.295\driverlib\ewarm\Exe\driverlib.a
#        --entry __iar_program_start --vfe --text_out locale --cpu=Cortex-M4
#        --fpu=VFPv4_sp)
#
###############################################################################

*******************************************************************************
*** MESSAGES
***

Warning[Lt009]: Inconsistent wchar_t size
            gpio.o(driverlib.a) and 5 other objects in driverlib.a have wchar_t
                      size 16 bits
            DIO.o and 24 other objects, some of them in rt7M_tl.a and 10 other
                      libraries have wchar_t size 32 bits


*******************************************************************************
*** RUNTIME MODEL ATTRIBUTES
***

CppFlavor       = *
__CPP_Runtime   = 1
__SystemLibrary = DLib
__dlib_version  = 6


*******************************************************************************
*** HEAP SELECTION
***

The basic heap was selected because --advanced_heap
was not specified and the application did not appear to
be primarily optimized for speed.


*******************************************************************************
*** PLACEMENT SUMMARY
***

"A0":  place at address 0x0 { ro section .intvec };
"P1":  place in [from 0x0 to 0x3'ffff] { ro };
define block CSTACK with size = 4K, alignment = 8 { };
define block HEAP with size = 8K, alignment = 8 { };
"P2":  place in [from 0x2000'0000 to 0x2000'7fff] {
          rw, block CSTACK, block HEAP };
initialize by copy { rw };

  Section            Kind         Address    Size  Object
  -------            ----         -------    ----  ------
"A0":                                        0x40
  .intvec            ro code          0x0    0x40  vector_table_M.o [5]
                                   - 0x40    0x40

"P1":                                      0x1940
  .text              ro code         0x40   0x9b0  main.o [1]
  .text              ro code        0x9f0   0x114  keypad.o [1]
  .text              ro code        0xb04   0x166  LCD.o [1]
  .text              ro code        0xc6a    0x2a  copy_init3.o [5]
  .text              ro code        0xc94    0x64  Timer.o [1]
  .text              ro code        0xcf8    0x4c  systick.o [3]
  .text              ro code        0xd44   0x270  gpio.o [3]
  .text              ro code        0xfb4    0xb0  interrupt.o [3]
  .text              ro code       0x1064    0xa2  timer.o [3]
  .text              ro code       0x1106     0xa  isdigit.o [2]
  .text              ro code       0x1110    0x14  memset.o [5]
  .text              ro code       0x1124    0x40  sprintf.o [2]
  .text              ro code       0x1164    0x44  sysctl.o [3]
  .text              ro code       0x11a8     0x8  cpu.o [3]
  .text              ro code       0x11b0    0x66  ABImemset.o [5]
  .text              ro code       0x1216     0xa  xsprout.o [2]
  .text              ro code       0x1220   0x4e5  xprintfsmall_nomb.o [2]
  .text              ro code       0x1706     0x2  vectortrap_M.o [5]
  .text              ro code       0x1708    0x16  strchr.o [5]
  .text              ro code       0x1720    0x40  xfail_s.o [2]
  .text              ro code       0x1760    0x36  strlen.o [5]
  .text              ro code       0x1798    0x58  memchr.o [5]
  .text              ro code       0x17f0     0x6  abort.o [2]
  .text              ro code       0x17f8    0x14  exit.o [6]
  .text              ro code       0x180c    0x38  zero_init3.o [5]
  .text              ro code       0x1844    0x28  data_init.o [5]
  .text              ro code       0x186c    0x22  fpinit_M.o [4]
  .iar.init_table    const         0x1890    0x24  - Linker created -
  .text              ro code       0x18b4    0x1e  cmain.o [5]
  .text              ro code       0x18d2     0x4  low_level_init.o [2]
  .text              ro code       0x18d6     0x4  exit.o [2]
  .text              ro code       0x18dc     0xa  cexit.o [5]
  .text              ro code       0x18e8    0x1c  cstartup_M.o [5]
  .rodata            const         0x1904    0x10  keypad.o [1]
  .rodata            const         0x1914    0x10  main.o [1]
  .rodata            const         0x1924    0x10  main.o [1]
  .rodata            const         0x1934    0x10  main.o [1]
  .rodata            const         0x1944     0xc  main.o [1]
  .rodata            const         0x1950     0xc  main.o [1]
  .rodata            const         0x195c     0xc  main.o [1]
  .rodata            const         0x1968     0x8  main.o [1]
  .rodata            const         0x1970     0x8  main.o [1]
  Initializer bytes  const         0x1978     0x8  <for P2-1>
  .rodata            const         0x1980     0x0  zero_init3.o [5]
  .rodata            const         0x1980     0x0  copy_init3.o [5]
                                 - 0x1980  0x1940

"P2", part 1 of 3:                            0x8
  P2-1                        0x2000'0000     0x8  <Init block>
    .data            inited   0x2000'0000     0x1  main.o [1]
    .data            inited   0x2000'0001     0x1  main.o [1]
    .data            inited   0x2000'0002     0x1  main.o [1]
    .data            inited   0x2000'0003     0x1  main.o [1]
    .data            inited   0x2000'0004     0x1  main.o [1]
    .data            inited   0x2000'0005     0x1  main.o [1]
    .data            inited   0x2000'0006     0x1  main.o [1]
    .data            inited   0x2000'0007     0x1  main.o [1]
                            - 0x2000'0008     0x8

"P2", part 2 of 3:                          0x670
  VTABLE             zero     0x2000'0400   0x26c  interrupt.o [3]
  .bss               zero     0x2000'066c     0x4  main.o [1]
  .bss               zero     0x2000'0670     0x4  xfail_s.o [2]
  .bss               zero     0x2000'0674     0x2  main.o [1]
  .bss               zero     0x2000'0676     0x2  main.o [1]
                            - 0x2000'0678   0x670

"P2", part 3 of 3:                         0x1000
  CSTACK                      0x2000'0678  0x1000  <Block>
    CSTACK           uninit   0x2000'0678  0x1000  <Block tail>
                            - 0x2000'1678  0x1000

Unused ranges:

         From           To      Size
         ----           --      ----
       0x1980     0x3'ffff  0x3'e680
  0x2000'1678  0x2000'7fff    0x6988


*******************************************************************************
*** INIT TABLE
***

          Address      Size
          -------      ----
Zero (__iar_zero_init3)
    1 destination range, total size 0x278:
          0x2000'0400  0x278

Copy (__iar_copy_init3)
    1 source range, total size 0x8:
               0x1978    0x8
    1 destination range, total size 0x8:
          0x2000'0000    0x8



*******************************************************************************
*** MODULE SUMMARY
***

    Module               ro code  ro data  rw data
    ------               -------  -------  -------
command line/config:
    ----------------------------------------------
    Total:

D:\AHMED\ASU\4. SENIOR 1\SEMESTER 7\CSE211 Intro to Embedded\Project\Embedded Project FINAL\Embedded Project\Debug\Obj: [1]
    LCD.o                    358
    Timer.o                  100
    keypad.o                 276       16
    main.o                 2'480      108       16
    ----------------------------------------------
    Total:                 3'214      124       16

dl7M_tln.a: [2]
    abort.o                    6
    exit.o                     4
    isdigit.o                 10
    low_level_init.o           4
    sprintf.o                 64
    xfail_s.o                 64                 4
    xprintfsmall_nomb.o    1'253
    xsprout.o                 10
    ----------------------------------------------
    Total:                 1'415                 4

driverlib.a: [3]
    cpu.o                      8
    gpio.o                   624
    interrupt.o              176               620
    sysctl.o                  68
    systick.o                 76
    timer.o                  162
    ----------------------------------------------
    Total:                 1'114               620

m7M_tls.a: [4]
    fpinit_M.o                34
    ----------------------------------------------
    Total:                    34

rt7M_tl.a: [5]
    ABImemset.o              102
    cexit.o                   10
    cmain.o                   30
    copy_init3.o              42
    cstartup_M.o              28
    data_init.o               40
    memchr.o                  88
    memset.o                  20
    strchr.o                  22
    strlen.o                  54
    vector_table_M.o          64
    vectortrap_M.o             2
    zero_init3.o              56
    ----------------------------------------------
    Total:                   558

shb_l.a: [6]
    exit.o                    20
    ----------------------------------------------
    Total:                    20

    Gaps                      11        2    1'016
    Linker created                     36    4'096
--------------------------------------------------
    Grand Total:           6'366      162    5'752


*******************************************************************************
*** ENTRY LIST
***

Entry                       Address   Size  Type      Object
-----                       -------   ----  ----      ------
.iar.init_table$$Base        0x1890          --   Gb  - Linker created -
.iar.init_table$$Limit       0x18b4          --   Gb  - Linker created -
?main                        0x18b5         Code  Gb  cmain.o [5]
BusFault_Handler             0x1707         Code  Wk  vectortrap_M.o [5]
CPUcpsie                     0x11a9    0x8  Code  Gb  cpu.o [3]
CSTACK$$Base            0x2000'0678          --   Gb  - Linker created -
CSTACK$$Limit           0x2000'1678          --   Gb  - Linker created -
DebugMon_Handler             0x1707         Code  Wk  vectortrap_M.o [5]
GPIOIntClear                  0xde7    0x6  Code  Gb  gpio.o [3]
GPIOIntEnable                 0xdd1    0x6  Code  Gb  gpio.o [3]
GPIOIntRegister               0xded   0x14  Code  Gb  gpio.o [3]
GPIOIntStatus                 0xdd7   0x10  Code  Gb  gpio.o [3]
GPIOIntTypeSet                0xd85   0x4c  Code  Gb  gpio.o [3]
HardFault_Handler            0x1707         Code  Wk  vectortrap_M.o [5]
IntEnable                     0xfeb   0x56  Code  Gb  interrupt.o [3]
IntMasterEnable               0xfb5    0x8  Code  Gb  interrupt.o [3]
IntRegister                   0xfc5   0x26  Code  Gb  interrupt.o [3]
LCD_command                   0xb75   0x36  Code  Gb  LCD.o [1]
LCD_data                      0xbab   0x24  Code  Gb  LCD.o [1]
LCD_init                      0xb05   0x70  Code  Gb  LCD.o [1]
LCD_printInt                  0xbff   0x2e  Code  Gb  LCD.o [1]
LCD_printString               0xc4d   0x1e  Code  Gb  LCD.o [1]
MemManage_Handler            0x1707         Code  Wk  vectortrap_M.o [5]
NMI_Handler                  0x1707         Code  Wk  vectortrap_M.o [5]
PendSV_Handler               0x1707         Code  Wk  vectortrap_M.o [5]
Region$$Table$$Base          0x1890          --   Gb  - Linker created -
Region$$Table$$Limit         0x18b4          --   Gb  - Linker created -
SVC_Handler                  0x1707         Code  Wk  vectortrap_M.o [5]
SysCtlPeripheralEnable       0x1185    0x8  Code  Gb  sysctl.o [3]
SysCtlPeripheralReady        0x1165    0x8  Code  Gb  sysctl.o [3]
SysTickDisable                0xd05    0xc  Code  Gb  systick.o [3]
SysTickEnable                 0xcf9    0xc  Code  Gb  systick.o [3]
SysTickIntDisable             0xd27    0xc  Code  Gb  systick.o [3]
SysTickIntRegister            0xd11   0x16  Code  Gb  systick.o [3]
SysTickPeriodSet              0xd33    0x8  Code  Gb  systick.o [3]
SysTick_Handler              0x1707         Code  Wk  vectortrap_M.o [5]
TimerConfigure               0x107d   0x52  Code  Gb  timer.o [3]
TimerDisable                 0x1071    0xc  Code  Gb  timer.o [3]
TimerEnable                  0x1065    0xc  Code  Gb  timer.o [3]
TimerIntClear                0x1103    0x4  Code  Gb  timer.o [3]
TimerIntEnable               0x10f1    0x4  Code  Gb  timer.o [3]
TimerLoadSet                 0x10e1   0x10  Code  Gb  timer.o [3]
UsageFault_Handler           0x1707         Code  Wk  vectortrap_M.o [5]
_GPIOIntNumberGet             0xd45   0x40  Code  Lc  gpio.o [3]
_LC                          0x1221    0x6  Code  Lc  xprintfsmall_nomb.o [2]
_LitobSmallNoMb              0x15e3   0xd0  Code  Lc  xprintfsmall_nomb.o [2]
_PrintfSmallNoMb             0x1227  0x3b0  Code  Gb  xprintfsmall_nomb.o [2]
_PutcharsSmallNoMb           0x16b3   0x2e  Code  Lc  xprintfsmall_nomb.o [2]
_SProut                      0x1217    0xa  Code  Gb  xsprout.o [2]
__aeabi_memset               0x11b1         Code  Gb  ABImemset.o [5]
__cmain                      0x18b5         Code  Gb  cmain.o [5]
__exit                       0x17f9   0x14  Code  Gb  exit.o [6]
__iar_Fail_s                 0x1721   0x1c  Code  Gb  xfail_s.o [2]
__iar_Memchr                 0x1799         Code  Gb  memchr.o [5]
__iar_Memset                 0x11b1         Code  Gb  ABImemset.o [5]
__iar_Memset_word            0x11b9         Code  Gb  ABImemset.o [5]
__iar_Strchr                 0x1709         Code  Gb  strchr.o [5]
__iar_copy_init3              0xc6b   0x2a  Code  Gb  copy_init3.o [5]
__iar_data_init3             0x1845   0x28  Code  Gb  data_init.o [5]
__iar_init_vfp               0x186d         Code  Gb  fpinit_M.o [4]
__iar_program_start          0x18e9         Code  Gb  cstartup_M.o [5]
__iar_zero_init3             0x180d   0x38  Code  Gb  zero_init3.o [5]
__low_level_init             0x18d3    0x4  Code  Gb  low_level_init.o [2]
__vector_table                  0x0         Data  Gb  vector_table_M.o [5]
_call_main                   0x18c1         Code  Gb  cmain.o [5]
_exit                        0x18dd         Code  Gb  cexit.o [5]
abort                        0x17f1    0x6  Code  Gb  abort.o [2]
calculator                    0x2a5   0x90  Code  Gb  main.o [1]
counter                 0x2000'0674    0x2  Data  Gb  main.o [1]
delayMs                       0xbcf   0x1a  Code  Gb  LCD.o [1]
delayUs                       0xbe9   0x16  Code  Gb  LCD.o [1]
display                       0x335  0x1ac  Code  Gb  main.o [1]
exit                         0x18d7    0x4  Code  Gb  exit.o [2]
g_pfnRAMVectors         0x2000'0400  0x26c  Data  Lc  interrupt.o [3]
g_ppui32GPIOIntMapBlizzard
                              0xe1c   0xc0  Data  Lc  gpio.o [3]
g_ppui32GPIOIntMapSnowflake
                              0xedc   0xd8  Data  Lc  gpio.o [3]
g_pui32EnRegs                0x1050   0x14  Data  Lc  interrupt.o [3]
interrupt                     0x21b   0x8a  Code  Gb  main.o [1]
isdigit                      0x1107    0xa  Code  Wk  isdigit.o [2]
keypad_init                   0x9f1   0x56  Code  Gb  keypad.o [1]
keypad_read                   0xa47   0x8a  Code  Gb  keypad.o [1]
main                           0x41  0x15a  Code  Gb  main.o [1]
mapping                      0x1904   0x10  Data  Lc  keypad.o [1]
memchr                       0x1799         Code  Gb  memchr.o [5]
memset                       0x1111   0x14  Code  Gb  memset.o [5]
min1                    0x2000'0002    0x1  Data  Gb  main.o [1]
min2                    0x2000'0003    0x1  Data  Gb  main.o [1]
mode                    0x2000'0676    0x2  Data  Gb  main.o [1]
modes                         0x605   0x22  Code  Gb  main.o [1]
pause                         0x19b   0x80  Code  Gb  main.o [1]
remainderz              0x2000'066c    0x4  Data  Gb  main.o [1]
sec1                    0x2000'0000    0x1  Data  Gb  main.o [1]
sec2                    0x2000'0001    0x1  Data  Gb  main.o [1]
sec_hand                0x2000'0670    0x4  Data  Lc  xfail_s.o [2]
sprintf                      0x1125   0x40  Code  Gb  sprintf.o [2]
stopwatch_count               0x509   0xf8  Code  Gb  main.o [1]
stopwatch_display             0x4e1   0x26  Code  Gb  main.o [1]
strchr                       0x1709         Code  Gb  strchr.o [5]
strlen                       0x1761         Code  Gb  strlen.o [5]
sw_min1                 0x2000'0006    0x1  Data  Gb  main.o [1]
sw_min2                 0x2000'0007    0x1  Data  Gb  main.o [1]
sw_sec1                 0x2000'0004    0x1  Data  Gb  main.o [1]
sw_sec2                 0x2000'0005    0x1  Data  Gb  main.o [1]
timer_enable                  0xcc9   0x22  Code  Gb  Timer.o [1]
timer_init                    0xc95   0x34  Code  Gb  Timer.o [1]
timerinterrupt                0x849  0x130  Code  Gb  main.o [1]
timertake                     0x62d  0x21c  Code  Gb  main.o [1]


[1] = D:\AHMED\ASU\4. SENIOR 1\SEMESTER 7\CSE211 Intro to Embedded\Project\Embedded Project FINAL\Embedded Project\Debug\Obj
[2] = dl7M_tln.a
[3] = driverlib.a
[4] = m7M_tls.a
[5] = rt7M_tl.a
[6] = shb_l.a

  6'366 bytes of readonly  code memory
    162 bytes of readonly  data memory
  5'752 bytes of readwrite data memory

Errors: none
Warnings: 1
